gitja
scope: repository
host: https://github.com/m-col/gitja
repos: gitja
name: gitja
description: 🐙 Templated web page generator for your git repositories
commits: (skipped)
tree: (skipped)
tags: 1
readme.path: README.rst
license.path: LICENSE
