.github/FUNDING.yml
scope: file
file: .github/FUNDING.yml
file.path: .github/FUNDING.yml
file.href: github.FUNDING.yml.html
file.contents: github: [&quot;m-col&quot;]
custom: [&quot;https://liberapay.com/mcol&quot;]
file.mode: Plain
file.mode_octal: 00644
file.mode_symbolic: -rw-r--r--
if file.is_directory then "directory" else "file": "file"

file scope also should have data from repo scope available:
host: https://github.com/m-col/gitja
repos: gitja
name: gitja
description: üêô Templated web page generator for your git repositories
commits: (skipped)
tree: (skipped)
tags: 1
readme.path: README.rst
license.path: LICENSE
