test/templates/style.css
scope: file
file: test/templates/style.css
file.path: test/templates/style.css
file.href: test.templates.style.css.html
file.contents: html
file.mode: Plain
file.mode_octal: 00644
file.mode_symbolic: -rw-r--r--
if file.is_directory then "directory" else "file": "file"

file scope also should have data from repo scope available:
host: https://github.com/m-col/gitja
repos: gitja
name: gitja
description: üêô Templated web page generator for your git repositories
commits: (skipped)
tree: (skipped)
tags: 1
readme.path: README.rst
license.path: LICENSE
